Archive member included to satisfy reference by file (symbol)

c:/st/stm32cubeide_1.5.1/stm32cubeide/plugins/com.st.stm32cube.ide.mcu.externaltools.gnu-tools-for-stm32.7-2018-q2-update.win32_1.5.0.202011040924/tools/bin/../lib/gcc/arm-none-eabi/7.3.1/../../../../arm-none-eabi/lib/thumb/v7e-m/fpv4-sp/hard\libc_nano.a(lib_a-errno.o)
                              Src/syscalls.o (__errno)
c:/st/stm32cubeide_1.5.1/stm32cubeide/plugins/com.st.stm32cube.ide.mcu.externaltools.gnu-tools-for-stm32.7-2018-q2-update.win32_1.5.0.202011040924/tools/bin/../lib/gcc/arm-none-eabi/7.3.1/../../../../arm-none-eabi/lib/thumb/v7e-m/fpv4-sp/hard\libc_nano.a(lib_a-exit.o)
                              c:/st/stm32cubeide_1.5.1/stm32cubeide/plugins/com.st.stm32cube.ide.mcu.externaltools.gnu-tools-for-stm32.7-2018-q2-update.win32_1.5.0.202011040924/tools/bin/../lib/gcc/arm-none-eabi/7.3.1/../../../../arm-none-eabi/lib/thumb/v7e-m/fpv4-sp/hard/crt0.o (exit)
c:/st/stm32cubeide_1.5.1/stm32cubeide/plugins/com.st.stm32cube.ide.mcu.externaltools.gnu-tools-for-stm32.7-2018-q2-update.win32_1.5.0.202011040924/tools/bin/../lib/gcc/arm-none-eabi/7.3.1/../../../../arm-none-eabi/lib/thumb/v7e-m/fpv4-sp/hard\libc_nano.a(lib_a-impure.o)
                              c:/st/stm32cubeide_1.5.1/stm32cubeide/plugins/com.st.stm32cube.ide.mcu.externaltools.gnu-tools-for-stm32.7-2018-q2-update.win32_1.5.0.202011040924/tools/bin/../lib/gcc/arm-none-eabi/7.3.1/../../../../arm-none-eabi/lib/thumb/v7e-m/fpv4-sp/hard\libc_nano.a(lib_a-exit.o) (_global_impure_ptr)
c:/st/stm32cubeide_1.5.1/stm32cubeide/plugins/com.st.stm32cube.ide.mcu.externaltools.gnu-tools-for-stm32.7-2018-q2-update.win32_1.5.0.202011040924/tools/bin/../lib/gcc/arm-none-eabi/7.3.1/../../../../arm-none-eabi/lib/thumb/v7e-m/fpv4-sp/hard\libc_nano.a(lib_a-init.o)
                              c:/st/stm32cubeide_1.5.1/stm32cubeide/plugins/com.st.stm32cube.ide.mcu.externaltools.gnu-tools-for-stm32.7-2018-q2-update.win32_1.5.0.202011040924/tools/bin/../lib/gcc/arm-none-eabi/7.3.1/../../../../arm-none-eabi/lib/thumb/v7e-m/fpv4-sp/hard/crt0.o (__libc_init_array)
c:/st/stm32cubeide_1.5.1/stm32cubeide/plugins/com.st.stm32cube.ide.mcu.externaltools.gnu-tools-for-stm32.7-2018-q2-update.win32_1.5.0.202011040924/tools/bin/../lib/gcc/arm-none-eabi/7.3.1/../../../../arm-none-eabi/lib/thumb/v7e-m/fpv4-sp/hard\libc_nano.a(lib_a-malloc.o)
                              Src/main.o (malloc)
c:/st/stm32cubeide_1.5.1/stm32cubeide/plugins/com.st.stm32cube.ide.mcu.externaltools.gnu-tools-for-stm32.7-2018-q2-update.win32_1.5.0.202011040924/tools/bin/../lib/gcc/arm-none-eabi/7.3.1/../../../../arm-none-eabi/lib/thumb/v7e-m/fpv4-sp/hard\libc_nano.a(lib_a-memset.o)
                              c:/st/stm32cubeide_1.5.1/stm32cubeide/plugins/com.st.stm32cube.ide.mcu.externaltools.gnu-tools-for-stm32.7-2018-q2-update.win32_1.5.0.202011040924/tools/bin/../lib/gcc/arm-none-eabi/7.3.1/../../../../arm-none-eabi/lib/thumb/v7e-m/fpv4-sp/hard/crt0.o (memset)
c:/st/stm32cubeide_1.5.1/stm32cubeide/plugins/com.st.stm32cube.ide.mcu.externaltools.gnu-tools-for-stm32.7-2018-q2-update.win32_1.5.0.202011040924/tools/bin/../lib/gcc/arm-none-eabi/7.3.1/../../../../arm-none-eabi/lib/thumb/v7e-m/fpv4-sp/hard\libc_nano.a(lib_a-nano-freer.o)
                              c:/st/stm32cubeide_1.5.1/stm32cubeide/plugins/com.st.stm32cube.ide.mcu.externaltools.gnu-tools-for-stm32.7-2018-q2-update.win32_1.5.0.202011040924/tools/bin/../lib/gcc/arm-none-eabi/7.3.1/../../../../arm-none-eabi/lib/thumb/v7e-m/fpv4-sp/hard\libc_nano.a(lib_a-malloc.o) (_free_r)
c:/st/stm32cubeide_1.5.1/stm32cubeide/plugins/com.st.stm32cube.ide.mcu.externaltools.gnu-tools-for-stm32.7-2018-q2-update.win32_1.5.0.202011040924/tools/bin/../lib/gcc/arm-none-eabi/7.3.1/../../../../arm-none-eabi/lib/thumb/v7e-m/fpv4-sp/hard\libc_nano.a(lib_a-nano-mallocr.o)
                              c:/st/stm32cubeide_1.5.1/stm32cubeide/plugins/com.st.stm32cube.ide.mcu.externaltools.gnu-tools-for-stm32.7-2018-q2-update.win32_1.5.0.202011040924/tools/bin/../lib/gcc/arm-none-eabi/7.3.1/../../../../arm-none-eabi/lib/thumb/v7e-m/fpv4-sp/hard\libc_nano.a(lib_a-malloc.o) (_malloc_r)
c:/st/stm32cubeide_1.5.1/stm32cubeide/plugins/com.st.stm32cube.ide.mcu.externaltools.gnu-tools-for-stm32.7-2018-q2-update.win32_1.5.0.202011040924/tools/bin/../lib/gcc/arm-none-eabi/7.3.1/../../../../arm-none-eabi/lib/thumb/v7e-m/fpv4-sp/hard\libc_nano.a(lib_a-sbrkr.o)
                              c:/st/stm32cubeide_1.5.1/stm32cubeide/plugins/com.st.stm32cube.ide.mcu.externaltools.gnu-tools-for-stm32.7-2018-q2-update.win32_1.5.0.202011040924/tools/bin/../lib/gcc/arm-none-eabi/7.3.1/../../../../arm-none-eabi/lib/thumb/v7e-m/fpv4-sp/hard\libc_nano.a(lib_a-nano-mallocr.o) (_sbrk_r)
[...]
Memory Configuration

Name             Origin             Length             Attributes
FLASH            0x0000000008000000 0x0000000000010000 xr
CCMRAM           0x0000000010000000 0x0000000000001000 xrw
RAM              0x0000000020000000 0x0000000000003000 xrw
*default*        0x0000000000000000 0xffffffffffffffff

Linker script and memory map

LOAD c:/st/stm32cubeide_1.5.1/stm32cubeide/plugins/com.st.stm32cube.ide.mcu.externaltools.gnu-tools-for-stm32.7-2018-q2-update.win32_1.5.0.202011040924/tools/bin/../lib/gcc/arm-none-eabi/7.3.1/thumb/v7e-m/fpv4-sp/hard/crti.o
LOAD c:/st/stm32cubeide_1.5.1/stm32cubeide/plugins/com.st.stm32cube.ide.mcu.externaltools.gnu-tools-for-stm32.7-2018-q2-update.win32_1.5.0.202011040924/tools/bin/../lib/gcc/arm-none-eabi/7.3.1/thumb/v7e-m/fpv4-sp/hard/crtbegin.o
LOAD c:/st/stm32cubeide_1.5.1/stm32cubeide/plugins/com.st.stm32cube.ide.mcu.externaltools.gnu-tools-for-stm32.7-2018-q2-update.win32_1.5.0.202011040924/tools/bin/../lib/gcc/arm-none-eabi/7.3.1/../../../../arm-none-eabi/lib/thumb/v7e-m/fpv4-sp/hard/crt0.o
LOAD Drivers/STM32F3xx_HAL_Driver/Src/stm32f3xx_ll_dma.o
LOAD Drivers/STM32F3xx_HAL_Driver/Src/stm32f3xx_ll_exti.o
LOAD Drivers/STM32F3xx_HAL_Driver/Src/stm32f3xx_ll_gpio.o
LOAD Drivers/STM32F3xx_HAL_Driver/Src/stm32f3xx_ll_rcc.o
LOAD Drivers/STM32F3xx_HAL_Driver/Src/stm32f3xx_ll_usart.o
LOAD Drivers/STM32F3xx_HAL_Driver/Src/stm32f3xx_ll_utils.o
LOAD Src/dma.o
LOAD Src/gpio.o
LOAD Src/main.o
LOAD Src/stm32f3xx_it.o
LOAD Src/syscalls.o
LOAD Src/sysmem.o
LOAD Src/system_stm32f3xx.o
LOAD Src/usart.o
LOAD Startup/startup_stm32f303k8tx.o
START GROUP
LOAD c:/st/stm32cubeide_1.5.1/stm32cubeide/plugins/com.st.stm32cube.ide.mcu.externaltools.gnu-tools-for-stm32.7-2018-q2-update.win32_1.5.0.202011040924/tools/bin/../lib/gcc/arm-none-eabi/7.3.1/../../../../arm-none-eabi/lib/thumb/v7e-m/fpv4-sp/hard\libc_nano.a
LOAD c:/st/stm32cubeide_1.5.1/stm32cubeide/plugins/com.st.stm32cube.ide.mcu.externaltools.gnu-tools-for-stm32.7-2018-q2-update.win32_1.5.0.202011040924/tools/bin/../lib/gcc/arm-none-eabi/7.3.1/../../../../arm-none-eabi/lib/thumb/v7e-m/fpv4-sp/hard\libm.a
END GROUP
START GROUP
LOAD c:/st/stm32cubeide_1.5.1/stm32cubeide/plugins/com.st.stm32cube.ide.mcu.externaltools.gnu-tools-for-stm32.7-2018-q2-update.win32_1.5.0.202011040924/tools/bin/../lib/gcc/arm-none-eabi/7.3.1/thumb/v7e-m/fpv4-sp/hard\libgcc.a
LOAD c:/st/stm32cubeide_1.5.1/stm32cubeide/plugins/com.st.stm32cube.ide.mcu.externaltools.gnu-tools-for-stm32.7-2018-q2-update.win32_1.5.0.202011040924/tools/bin/../lib/gcc/arm-none-eabi/7.3.1/../../../../arm-none-eabi/lib/thumb/v7e-m/fpv4-sp/hard\libc_nano.a
END GROUP
START GROUP
LOAD c:/st/stm32cubeide_1.5.1/stm32cubeide/plugins/com.st.stm32cube.ide.mcu.externaltools.gnu-tools-for-stm32.7-2018-q2-update.win32_1.5.0.202011040924/tools/bin/../lib/gcc/arm-none-eabi/7.3.1/thumb/v7e-m/fpv4-sp/hard\libgcc.a
LOAD c:/st/stm32cubeide_1.5.1/stm32cubeide/plugins/com.st.stm32cube.ide.mcu.externaltools.gnu-tools-for-stm32.7-2018-q2-update.win32_1.5.0.202011040924/tools/bin/../lib/gcc/arm-none-eabi/7.3.1/../../../../arm-none-eabi/lib/thumb/v7e-m/fpv4-sp/hard\libc_nano.a
LOAD c:/st/stm32cubeide_1.5.1/stm32cubeide/plugins/com.st.stm32cube.ide.mcu.externaltools.gnu-tools-for-stm32.7-2018-q2-update.win32_1.5.0.202011040924/tools/bin/../lib/gcc/arm-none-eabi/7.3.1/../../../../arm-none-eabi/lib/thumb/v7e-m/fpv4-sp/hard\libnosys.a
END GROUP
START GROUP
LOAD c:/st/stm32cubeide_1.5.1/stm32cubeide/plugins/com.st.stm32cube.ide.mcu.externaltools.gnu-tools-for-stm32.7-2018-q2-update.win32_1.5.0.202011040924/tools/bin/../lib/gcc/arm-none-eabi/7.3.1/thumb/v7e-m/fpv4-sp/hard\libgcc.a
LOAD c:/st/stm32cubeide_1.5.1/stm32cubeide/plugins/com.st.stm32cube.ide.mcu.externaltools.gnu-tools-for-stm32.7-2018-q2-update.win32_1.5.0.202011040924/tools/bin/../lib/gcc/arm-none-eabi/7.3.1/../../../../arm-none-eabi/lib/thumb/v7e-m/fpv4-sp/hard\libc_nano.a
LOAD c:/st/stm32cubeide_1.5.1/stm32cubeide/plugins/com.st.stm32cube.ide.mcu.externaltools.gnu-tools-for-stm32.7-2018-q2-update.win32_1.5.0.202011040924/tools/bin/../lib/gcc/arm-none-eabi/7.3.1/../../../../arm-none-eabi/lib/thumb/v7e-m/fpv4-sp/hard\libnosys.a
END GROUP
LOAD c:/st/stm32cubeide_1.5.1/stm32cubeide/plugins/com.st.stm32cube.ide.mcu.externaltools.gnu-tools-for-stm32.7-2018-q2-update.win32_1.5.0.202011040924/tools/bin/../lib/gcc/arm-none-eabi/7.3.1/thumb/v7e-m/fpv4-sp/hard/crtend.o
LOAD c:/st/stm32cubeide_1.5.1/stm32cubeide/plugins/com.st.stm32cube.ide.mcu.externaltools.gnu-tools-for-stm32.7-2018-q2-update.win32_1.5.0.202011040924/tools/bin/../lib/gcc/arm-none-eabi/7.3.1/thumb/v7e-m/fpv4-sp/hard/crtn.o
                0x0000000020003000                _estack = 0x20003000
                0x0000000000000200                _Min_Heap_Size = 0x200
                0x0000000000000400                _Min_Stack_Size = 0x400

.isr_vector     0x0000000008000000      0x188
                0x0000000008000000                . = ALIGN (0x4)
 *(.isr_vector)
 .isr_vector    0x0000000008000000      0x188 Startup/startup_stm32f303k8tx.o
                0x0000000008000000                g_pfnVectors
                0x0000000008000188                . = ALIGN (0x4)

.text           0x0000000008000188     0x1bb4
                0x0000000008000188                . = ALIGN (0x4)
 *(.text)
 .text          0x0000000008000188       0x40 c:/st/stm32cubeide_1.5.1/stm32cubeide/plugins/com.st.stm32cube.ide.mcu.externaltools.gnu-tools-for-stm32.7-2018-q2-update.win32_1.5.0.202011040924/tools/bin/../lib/gcc/arm-none-eabi/7.3.1/thumb/v7e-m/fpv4-sp/hard/crtbegin.o
 .text          0x00000000080001c8       0x10 c:/st/stm32cubeide_1.5.1/stm32cubeide/plugins/com.st.stm32cube.ide.mcu.externaltools.gnu-tools-for-stm32.7-2018-q2-update.win32_1.5.0.202011040924/tools/bin/../lib/gcc/arm-none-eabi/7.3.1/../../../../arm-none-eabi/lib/thumb/v7e-m/fpv4-sp/hard\libc_nano.a(lib_a-strlen.o)
                0x00000000080001c8                strlen
 *(.text*)
 .text.LL_GPIO_SetPinMode
                0x00000000080001d8       0x5a Drivers/STM32F3xx_HAL_Driver/Src/stm32f3xx_ll_gpio.o
 .text.LL_GPIO_SetPinOutputType
                0x0000000008000232       0x30 Drivers/STM32F3xx_HAL_Driver/Src/stm32f3xx_ll_gpio.o
 .text.LL_GPIO_SetPinSpeed
                0x0000000008000262       0x5a Drivers/STM32F3xx_HAL_Driver/Src/stm32f3xx_ll_gpio.o
 .text.LL_GPIO_SetPinPull
                0x00000000080002bc       0x5a Drivers/STM32F3xx_HAL_Driver/Src/stm32f3xx_ll_gpio.o
 .text.LL_GPIO_SetAFPin_0_7
                0x0000000008000316       0x5a Drivers/STM32F3xx_HAL_Driver/Src/stm32f3xx_ll_gpio.o
 .text.LL_GPIO_SetAFPin_8_15
                0x0000000008000370       0x5e Drivers/STM32F3xx_HAL_Driver/Src/stm32f3xx_ll_gpio.o
 .text.LL_GPIO_Init
                0x00000000080003ce       0xf4 Drivers/STM32F3xx_HAL_Driver/Src/stm32f3xx_ll_gpio.o
                0x00000000080003ce                LL_GPIO_Init
 *fill*         0x00000000080004c2        0x2 
 .text.LL_RCC_HSI_IsReady
                0x00000000080004c4       0x24 Drivers/STM32F3xx_HAL_Driver/Src/stm32f3xx_ll_rcc.o
 .text.LL_RCC_LSE_IsReady
                0x00000000080004e8       0x24 Drivers/STM32F3xx_HAL_Driver/Src/stm32f3xx_ll_rcc.o
 .text.LL_RCC_GetSysClkSource
                0x000000000800050c       0x1c Drivers/STM32F3xx_HAL_Driver/Src/stm32f3xx_ll_rcc.o
 .text.LL_RCC_GetAHBPrescaler
                0x0000000008000528       0x1c Drivers/STM32F3xx_HAL_Driver/Src/stm32f3xx_ll_rcc.o
 .text.LL_RCC_GetAPB1Prescaler
                0x0000000008000544       0x1c Drivers/STM32F3xx_HAL_Driver/Src/stm32f3xx_ll_rcc.o
 .text.LL_RCC_GetAPB2Prescaler
                0x0000000008000560       0x1c Drivers/STM32F3xx_HAL_Driver/Src/stm32f3xx_ll_rcc.o
 .text.LL_RCC_GetUSARTClockSource
                0x000000000800057c       0x2c Drivers/STM32F3xx_HAL_Driver/Src/stm32f3xx_ll_rcc.o
 .text.LL_RCC_PLL_GetMainSource
                0x00000000080005a8       0x1c Drivers/STM32F3xx_HAL_Driver/Src/stm32f3xx_ll_rcc.o
 .text.LL_RCC_PLL_GetMultiplicator
                0x00000000080005c4       0x1c Drivers/STM32F3xx_HAL_Driver/Src/stm32f3xx_ll_rcc.o
 .text.LL_RCC_PLL_GetPrediv
                0x00000000080005e0       0x1c Drivers/STM32F3xx_HAL_Driver/Src/stm32f3xx_ll_rcc.o
 .text.LL_RCC_GetSystemClocksFreq
                0x00000000080005fc       0x4a Drivers/STM32F3xx_HAL_Driver/Src/stm32f3xx_ll_rcc.o
                0x00000000080005fc                LL_RCC_GetSystemClocksFreq
 *fill*         0x0000000008000646        0x2 
 .text.LL_RCC_GetUSARTClockFreq
                0x0000000008000648       0x80 Drivers/STM32F3xx_HAL_Driver/Src/stm32f3xx_ll_rcc.o
                0x0000000008000648                LL_RCC_GetUSARTClockFreq
 .text.RCC_GetSystemClockFreq
                0x00000000080006c8       0x44 Drivers/STM32F3xx_HAL_Driver/Src/stm32f3xx_ll_rcc.o
                0x00000000080006c8                RCC_GetSystemClockFreq
 .text.RCC_GetHCLKClockFreq
                0x000000000800070c       0x2c Drivers/STM32F3xx_HAL_Driver/Src/stm32f3xx_ll_rcc.o
                0x000000000800070c                RCC_GetHCLKClockFreq
 .text.RCC_GetPCLK1ClockFreq
                0x0000000008000738       0x28 Drivers/STM32F3xx_HAL_Driver/Src/stm32f3xx_ll_rcc.o
                0x0000000008000738                RCC_GetPCLK1ClockFreq
 .text.RCC_GetPCLK2ClockFreq
                0x0000000008000760       0x28 Drivers/STM32F3xx_HAL_Driver/Src/stm32f3xx_ll_rcc.o
                0x0000000008000760                RCC_GetPCLK2ClockFreq
 .text.RCC_PLL_GetFreqDomain_SYS
                0x0000000008000788       0x78 Drivers/STM32F3xx_HAL_Driver/Src/stm32f3xx_ll_rcc.o
                0x0000000008000788                RCC_PLL_GetFreqDomain_SYS
 .text.LL_USART_IsEnabled
                0x0000000008000800       0x26 Drivers/STM32F3xx_HAL_Driver/Src/stm32f3xx_ll_usart.o
 .text.LL_USART_SetStopBitsLength
                0x0000000008000826       0x26 Drivers/STM32F3xx_HAL_Driver/Src/stm32f3xx_ll_usart.o
 .text.LL_USART_SetHWFlowCtrl
                0x000000000800084c       0x26 Drivers/STM32F3xx_HAL_Driver/Src/stm32f3xx_ll_usart.o
 .text.LL_USART_SetBaudRate
                0x0000000008000872       0x64 Drivers/STM32F3xx_HAL_Driver/Src/stm32f3xx_ll_usart.o
 *fill*         0x00000000080008d6        0x2 
 .text.LL_USART_Init
                0x00000000080008d8       0xd8 Drivers/STM32F3xx_HAL_Driver/Src/stm32f3xx_ll_usart.o
                0x00000000080008d8                LL_USART_Init
 .text.LL_InitTick
                0x00000000080009b0       0x34 Drivers/STM32F3xx_HAL_Driver/Src/stm32f3xx_ll_utils.o
 .text.LL_Init1msTick
                0x00000000080009e4       0x1a Drivers/STM32F3xx_HAL_Driver/Src/stm32f3xx_ll_utils.o
                0x00000000080009e4                LL_Init1msTick
 *fill*         0x00000000080009fe        0x2 
 .text.LL_mDelay
                0x0000000008000a00       0x48 Drivers/STM32F3xx_HAL_Driver/Src/stm32f3xx_ll_utils.o
                0x0000000008000a00                LL_mDelay
 .text.LL_SetSystemCoreClock
                0x0000000008000a48       0x20 Drivers/STM32F3xx_HAL_Driver/Src/stm32f3xx_ll_utils.o
                0x0000000008000a48                LL_SetSystemCoreClock
 .text.NVIC_EnableIRQ
                0x0000000008000a68       0x34 Src/dma.o
 .text.NVIC_SetPriority
                0x0000000008000a9c       0x54 Src/dma.o
 .text.LL_AHB1_GRP1_EnableClock
                0x0000000008000af0       0x30 Src/dma.o
 .text.MX_DMA_Init
                0x0000000008000b20       0x2a Src/dma.o
                0x0000000008000b20                MX_DMA_Init
 *fill*         0x0000000008000b4a        0x2 
 .text.LL_AHB1_GRP1_EnableClock
                0x0000000008000b4c       0x30 Src/gpio.o
 .text.LL_GPIO_ResetOutputPin
                0x0000000008000b7c       0x1c Src/gpio.o
 .text.MX_GPIO_Init
                0x0000000008000b98       0x58 Src/gpio.o
                0x0000000008000b98                MX_GPIO_Init
 .text.NVIC_SetPriorityGrouping
                0x0000000008000bf0       0x48 Src/main.o
 .text.LL_RCC_HSI_Enable
                0x0000000008000c38       0x20 Src/main.o
 .text.LL_RCC_HSI_IsReady
                0x0000000008000c58       0x24 Src/main.o
 .text.LL_RCC_HSI_SetCalibTrimming
                0x0000000008000c7c       0x2c Src/main.o
 .text.LL_RCC_SetSysClkSource
                0x0000000008000ca8       0x28 Src/main.o
 .text.LL_RCC_GetSysClkSource
                0x0000000008000cd0       0x1c Src/main.o
 .text.LL_RCC_SetAHBPrescaler
                0x0000000008000cec       0x28 Src/main.o
 .text.LL_RCC_SetAPB1Prescaler
                0x0000000008000d14       0x28 Src/main.o
 .text.LL_RCC_SetAPB2Prescaler
                0x0000000008000d3c       0x28 Src/main.o
 .text.LL_APB1_GRP1_EnableClock
                0x0000000008000d64       0x30 Src/main.o
 .text.LL_APB2_GRP1_EnableClock
                0x0000000008000d94       0x30 Src/main.o
 .text.LL_FLASH_SetLatency
                0x0000000008000dc4       0x28 Src/main.o
 .text.LL_FLASH_GetLatency
                0x0000000008000dec       0x1c Src/main.o
 .text.LL_SYSTICK_SetClkSource
                0x0000000008000e08       0x38 Src/main.o
 .text.main     0x0000000008000e40       0x8c Src/main.o
                0x0000000008000e40                main
 .text.SystemClock_Config
                0x0000000008000ecc       0x6c Src/main.o
                0x0000000008000ecc                SystemClock_Config
 .text.proccesDmaData
                0x0000000008000f38       0x50 Src/main.o
                0x0000000008000f38                proccesDmaData
 .text.Error_Handler
                0x0000000008000f88        0xe Src/main.o
                0x0000000008000f88                Error_Handler
 *fill*         0x0000000008000f96        0x2 
 .text.LL_DMA_DisableChannel
                0x0000000008000f98       0x40 Src/stm32f3xx_it.o
 .text.LL_DMA_IsActiveFlag_TC6
                0x0000000008000fd8       0x28 Src/stm32f3xx_it.o
 .text.LL_DMA_IsActiveFlag_TC7
                0x0000000008001000       0x28 Src/stm32f3xx_it.o
 .text.LL_DMA_IsActiveFlag_HT6
                0x0000000008001028       0x28 Src/stm32f3xx_it.o
 .text.LL_DMA_ClearFlag_TC6
                0x0000000008001050       0x1c Src/stm32f3xx_it.o
 .text.LL_DMA_ClearFlag_TC7
                0x000000000800106c       0x1c Src/stm32f3xx_it.o
 .text.LL_DMA_ClearFlag_HT6
                0x0000000008001088       0x1c Src/stm32f3xx_it.o
 .text.LL_USART_IsActiveFlag_IDLE
                0x00000000080010a4       0x26 Src/stm32f3xx_it.o
 .text.LL_USART_IsActiveFlag_TC
                0x00000000080010ca       0x26 Src/stm32f3xx_it.o
 .text.LL_USART_ClearFlag_IDLE
                0x00000000080010f0       0x1a Src/stm32f3xx_it.o
 .text.NMI_Handler
                0x000000000800110a        0xe Src/stm32f3xx_it.o
                0x000000000800110a                NMI_Handler
 .text.HardFault_Handler
                0x0000000008001118        0x6 Src/stm32f3xx_it.o
                0x0000000008001118                HardFault_Handler
 .text.MemManage_Handler
                0x000000000800111e        0x6 Src/stm32f3xx_it.o
                0x000000000800111e                MemManage_Handler
 .text.BusFault_Handler
                0x0000000008001124        0x6 Src/stm32f3xx_it.o
                0x0000000008001124                BusFault_Handler
 .text.UsageFault_Handler
                0x000000000800112a        0x6 Src/stm32f3xx_it.o
                0x000000000800112a                UsageFault_Handler
 .text.SVC_Handler
                0x0000000008001130        0xe Src/stm32f3xx_it.o
                0x0000000008001130                SVC_Handler
 .text.DebugMon_Handler
                0x000000000800113e        0xe Src/stm32f3xx_it.o
                0x000000000800113e                DebugMon_Handler
 .text.PendSV_Handler
                0x000000000800114c        0xe Src/stm32f3xx_it.o
                0x000000000800114c                PendSV_Handler
 .text.SysTick_Handler
                0x000000000800115a        0xe Src/stm32f3xx_it.o
                0x000000000800115a                SysTick_Handler
 .text.DMA1_Channel6_IRQHandler
                0x0000000008001168       0x3c Src/stm32f3xx_it.o
                0x0000000008001168                DMA1_Channel6_IRQHandler
 .text.DMA1_Channel7_IRQHandler
                0x00000000080011a4       0x38 Src/stm32f3xx_it.o
                0x00000000080011a4                DMA1_Channel7_IRQHandler
 .text.USART2_IRQHandler
                0x00000000080011dc       0x24 Src/stm32f3xx_it.o
                0x00000000080011dc                USART2_IRQHandler
 .text._sbrk    0x0000000008001200       0x58 Src/sysmem.o
                0x0000000008001200                _sbrk
 .text.SystemInit
                0x0000000008001258       0x94 Src/system_stm32f3xx.o
                0x0000000008001258                SystemInit
 .text.NVIC_EnableIRQ
                0x00000000080012ec       0x34 Src/usart.o
 .text.NVIC_SetPriority
                0x0000000008001320       0x54 Src/usart.o
 .text.LL_DMA_EnableChannel
                0x0000000008001374       0x40 Src/usart.o
 .text.LL_DMA_SetDataTransferDirection
                0x00000000080013b4       0x4c Src/usart.o
 .text.LL_DMA_GetDataTransferDirection
                0x0000000008001400       0x30 Src/usart.o
 .text.LL_DMA_SetMode
                0x0000000008001430       0x48 Src/usart.o
 .text.LL_DMA_SetPeriphIncMode
                0x0000000008001478       0x48 Src/usart.o
 .text.LL_DMA_SetMemoryIncMode
                0x00000000080014c0       0x48 Src/usart.o
 .text.LL_DMA_SetPeriphSize
                0x0000000008001508       0x48 Src/usart.o
 .text.LL_DMA_SetMemorySize
                0x0000000008001550       0x48 Src/usart.o
 .text.LL_DMA_SetChannelPriorityLevel
                0x0000000008001598       0x48 Src/usart.o
 .text.LL_DMA_SetDataLength
                0x00000000080015e0       0x48 Src/usart.o
 .text.LL_DMA_GetDataLength
                0x0000000008001628       0x2c Src/usart.o
 .text.LL_DMA_ConfigAddresses
                0x0000000008001654       0x78 Src/usart.o
 .text.LL_DMA_SetMemoryAddress
                0x00000000080016cc       0x30 Src/usart.o
 .text.LL_DMA_SetPeriphAddress
                0x00000000080016fc       0x30 Src/usart.o
 .text.LL_DMA_EnableIT_TC
                0x000000000800172c       0x40 Src/usart.o
 .text.LL_DMA_EnableIT_TE
                0x000000000800176c       0x40 Src/usart.o
 .text.LL_AHB1_GRP1_EnableClock
                0x00000000080017ac       0x30 Src/usart.o
 .text.LL_APB1_GRP1_EnableClock
                0x00000000080017dc       0x30 Src/usart.o
 .text.LL_USART_Enable
                0x000000000800180c       0x20 Src/usart.o
 .text.LL_USART_ConfigAsyncMode
                0x000000000800182c       0x2c Src/usart.o
 .text.LL_USART_DisableIT_CTS
                0x0000000008001858       0x20 Src/usart.o
 .text.LL_USART_EnableDMAReq_RX
                0x0000000008001878       0x20 Src/usart.o
 .text.LL_USART_EnableDMAReq_TX
                0x0000000008001898       0x20 Src/usart.o
 .text.LL_USART_DMA_GetRegAddr
                0x00000000080018b8       0x2c Src/usart.o
 .text.USART2_RegisterCallback
                0x00000000080018e4       0x24 Src/usart.o
                0x00000000080018e4                USART2_RegisterCallback
 .text.MX_USART2_UART_Init
                0x0000000008001908      0x1b4 Src/usart.o
                0x0000000008001908                MX_USART2_UART_Init
 .text.USART2_PutBuffer
                0x0000000008001abc       0x40 Src/usart.o
                0x0000000008001abc                USART2_PutBuffer
 .text.USART2_CheckDmaReception
                0x0000000008001afc       0x98 Src/usart.o
                0x0000000008001afc                USART2_CheckDmaReception
 .text.Reset_Handler
                0x0000000008001b94       0x50 Startup/startup_stm32f303k8tx.o
                0x0000000008001b94                Reset_Handler
 .text.Default_Handler
                0x0000000008001be4        0x2 Startup/startup_stm32f303k8tx.o
                0x0000000008001be4                RTC_Alarm_IRQHandler
                0x0000000008001be4                TIM1_CC_IRQHandler
                0x0000000008001be4                PVD_IRQHandler
                0x0000000008001be4                TAMP_STAMP_IRQHandler
                0x0000000008001be4                EXTI3_IRQHandler
                0x0000000008001be4                EXTI0_IRQHandler
                0x0000000008001be4                FPU_IRQHandler
                0x0000000008001be4                CAN_TX_IRQHandler
                0x0000000008001be4                TIM1_UP_TIM16_IRQHandler
                0x0000000008001be4                ADC1_2_IRQHandler
                0x0000000008001be4                SPI1_IRQHandler
                0x0000000008001be4                CAN_SCE_IRQHandler
                0x0000000008001be4                DMA1_Channel4_IRQHandler
                0x0000000008001be4                USART3_IRQHandler
                0x0000000008001be4                TIM7_DAC2_IRQHandler
                0x0000000008001be4                CAN_RX1_IRQHandler
                0x0000000008001be4                I2C1_EV_IRQHandler
                0x0000000008001be4                TIM3_IRQHandler
                0x0000000008001be4                RCC_IRQHandler
                0x0000000008001be4                DMA1_Channel1_IRQHandler
                0x0000000008001be4                Default_Handler
                0x0000000008001be4                EXTI15_10_IRQHandler
                0x0000000008001be4                COMP2_IRQHandler
                0x0000000008001be4                TIM6_DAC1_IRQHandler
                0x0000000008001be4                EXTI9_5_IRQHandler
                0x0000000008001be4                RTC_WKUP_IRQHandler
                0x0000000008001be4                DMA1_Channel5_IRQHandler
                0x0000000008001be4                EXTI4_IRQHandler
                0x0000000008001be4                TIM1_TRG_COM_TIM17_IRQHandler
                0x0000000008001be4                DMA1_Channel3_IRQHandler
                0x0000000008001be4                WWDG_IRQHandler
                0x0000000008001be4                TIM2_IRQHandler
                0x0000000008001be4                EXTI1_IRQHandler
                0x0000000008001be4                COMP4_6_IRQHandler
                0x0000000008001be4                DMA1_Channel2_IRQHandler
                0x0000000008001be4                FLASH_IRQHandler
                0x0000000008001be4                USART1_IRQHandler
                0x0000000008001be4                CAN_RX0_IRQHandler
                0x0000000008001be4                I2C1_ER_IRQHandler
                0x0000000008001be4                EXTI2_TSC_IRQHandler
                0x0000000008001be4                TIM1_BRK_TIM15_IRQHandler
 *fill*         0x0000000008001be6        0x2 
 .text.__errno  0x0000000008001be8        0xc c:/st/stm32cubeide_1.5.1/stm32cubeide/plugins/com.st.stm32cube.ide.mcu.externaltools.gnu-tools-for-stm32.7-2018-q2-update.win32_1.5.0.202011040924/tools/bin/../lib/gcc/arm-none-eabi/7.3.1/../../../../arm-none-eabi/lib/thumb/v7e-m/fpv4-sp/hard\libc_nano.a(lib_a-errno.o)
                0x0000000008001be8                __errno
 .text.__libc_init_array
                0x0000000008001bf4       0x48 c:/st/stm32cubeide_1.5.1/stm32cubeide/plugins/com.st.stm32cube.ide.mcu.externaltools.gnu-tools-for-stm32.7-2018-q2-update.win32_1.5.0.202011040924/tools/bin/../lib/gcc/arm-none-eabi/7.3.1/../../../../arm-none-eabi/lib/thumb/v7e-m/fpv4-sp/hard\libc_nano.a(lib_a-init.o)
                0x0000000008001bf4                __libc_init_array
 .text.malloc   0x0000000008001c3c       0x10 c:/st/stm32cubeide_1.5.1/stm32cubeide/plugins/com.st.stm32cube.ide.mcu.externaltools.gnu-tools-for-stm32.7-2018-q2-update.win32_1.5.0.202011040924/tools/bin/../lib/gcc/arm-none-eabi/7.3.1/../../../../arm-none-eabi/lib/thumb/v7e-m/fpv4-sp/hard\libc_nano.a(lib_a-malloc.o)
                0x0000000008001c3c                malloc
 .text._malloc_r
                0x0000000008001c4c       0xb4 c:/st/stm32cubeide_1.5.1/stm32cubeide/plugins/com.st.stm32cube.ide.mcu.externaltools.gnu-tools-for-stm32.7-2018-q2-update.win32_1.5.0.202011040924/tools/bin/../lib/gcc/arm-none-eabi/7.3.1/../../../../arm-none-eabi/lib/thumb/v7e-m/fpv4-sp/hard\libc_nano.a(lib_a-nano-mallocr.o)
                0x0000000008001c4c                _malloc_r
 .text._sbrk_r  0x0000000008001d00       0x20 c:/st/stm32cubeide_1.5.1/stm32cubeide/plugins/com.st.stm32cube.ide.mcu.externaltools.gnu-tools-for-stm32.7-2018-q2-update.win32_1.5.0.202011040924/tools/bin/../lib/gcc/arm-none-eabi/7.3.1/../../../../arm-none-eabi/lib/thumb/v7e-m/fpv4-sp/hard\libc_nano.a(lib_a-sbrkr.o)
                0x0000000008001d00                _sbrk_r
 .text.__malloc_lock
                0x0000000008001d20        0x2 c:/st/stm32cubeide_1.5.1/stm32cubeide/plugins/com.st.stm32cube.ide.mcu.externaltools.gnu-tools-for-stm32.7-2018-q2-update.win32_1.5.0.202011040924/tools/bin/../lib/gcc/arm-none-eabi/7.3.1/../../../../arm-none-eabi/lib/thumb/v7e-m/fpv4-sp/hard\libc_nano.a(lib_a-mlock.o)
                0x0000000008001d20                __malloc_lock
 .text.__malloc_unlock
                0x0000000008001d22        0x2 c:/st/stm32cubeide_1.5.1/stm32cubeide/plugins/com.st.stm32cube.ide.mcu.externaltools.gnu-tools-for-stm32.7-2018-q2-update.win32_1.5.0.202011040924/tools/bin/../lib/gcc/arm-none-eabi/7.3.1/../../../../arm-none-eabi/lib/thumb/v7e-m/fpv4-sp/hard\libc_nano.a(lib_a-mlock.o)
                0x0000000008001d22                __malloc_unlock
 *(.glue_7)
 .glue_7        0x0000000008001d24        0x0 linker stubs
 *(.glue_7t)
 .glue_7t       0x0000000008001d24        0x0 linker stubs
 *(.eh_frame)
 .eh_frame      0x0000000008001d24        0x0 c:/st/stm32cubeide_1.5.1/stm32cubeide/plugins/com.st.stm32cube.ide.mcu.externaltools.gnu-tools-for-stm32.7-2018-q2-update.win32_1.5.0.202011040924/tools/bin/../lib/gcc/arm-none-eabi/7.3.1/thumb/v7e-m/fpv4-sp/hard/crtbegin.o
 *(.init)
 .init          0x0000000008001d24        0x4 c:/st/stm32cubeide_1.5.1/stm32cubeide/plugins/com.st.stm32cube.ide.mcu.externaltools.gnu-tools-for-stm32.7-2018-q2-update.win32_1.5.0.202011040924/tools/bin/../lib/gcc/arm-none-eabi/7.3.1/thumb/v7e-m/fpv4-sp/hard/crti.o
                0x0000000008001d24                _init
 .init          0x0000000008001d28        0x8 c:/st/stm32cubeide_1.5.1/stm32cubeide/plugins/com.st.stm32cube.ide.mcu.externaltools.gnu-tools-for-stm32.7-2018-q2-update.win32_1.5.0.202011040924/tools/bin/../lib/gcc/arm-none-eabi/7.3.1/thumb/v7e-m/fpv4-sp/hard/crtn.o
 *(.fini)
 .fini          0x0000000008001d30        0x4 c:/st/stm32cubeide_1.5.1/stm32cubeide/plugins/com.st.stm32cube.ide.mcu.externaltools.gnu-tools-for-stm32.7-2018-q2-update.win32_1.5.0.202011040924/tools/bin/../lib/gcc/arm-none-eabi/7.3.1/thumb/v7e-m/fpv4-sp/hard/crti.o
                0x0000000008001d30                _fini
 .fini          0x0000000008001d34        0x8 c:/st/stm32cubeide_1.5.1/stm32cubeide/plugins/com.st.stm32cube.ide.mcu.externaltools.gnu-tools-for-stm32.7-2018-q2-update.win32_1.5.0.202011040924/tools/bin/../lib/gcc/arm-none-eabi/7.3.1/thumb/v7e-m/fpv4-sp/hard/crtn.o
                0x0000000008001d3c                . = ALIGN (0x4)
                0x0000000008001d3c                _etext = .

.vfp11_veneer   0x0000000008001d3c        0x0
 .vfp11_veneer  0x0000000008001d3c        0x0 linker stubs

.v4_bx          0x0000000008001d3c        0x0
 .v4_bx         0x0000000008001d3c        0x0 linker stubs

.iplt           0x0000000008001d3c        0x0
 .iplt          0x0000000008001d3c        0x0 c:/st/stm32cubeide_1.5.1/stm32cubeide/plugins/com.st.stm32cube.ide.mcu.externaltools.gnu-tools-for-stm32.7-2018-q2-update.win32_1.5.0.202011040924/tools/bin/../lib/gcc/arm-none-eabi/7.3.1/thumb/v7e-m/fpv4-sp/hard/crtbegin.o

.rodata         0x0000000008001d3c       0x30
                0x0000000008001d3c                . = ALIGN (0x4)
 *(.rodata)
 .rodata        0x0000000008001d3c        0x8 Src/main.o
 *(.rodata*)
 .rodata.CHANNEL_OFFSET_TAB
                0x0000000008001d44        0x7 Src/stm32f3xx_it.o
 *fill*         0x0000000008001d4b        0x1 
 .rodata.AHBPrescTable
                0x0000000008001d4c       0x10 Src/system_stm32f3xx.o
                0x0000000008001d4c                AHBPrescTable
 .rodata.APBPrescTable
                0x0000000008001d5c        0x8 Src/system_stm32f3xx.o
                0x0000000008001d5c                APBPrescTable
 .rodata.CHANNEL_OFFSET_TAB
                0x0000000008001d64        0x7 Src/usart.o
                0x0000000008001d6c                . = ALIGN (0x4)
 *fill*         0x0000000008001d6b        0x1 

.rel.dyn        0x0000000008001d6c        0x0
 .rel.iplt      0x0000000008001d6c        0x0 c:/st/stm32cubeide_1.5.1/stm32cubeide/plugins/com.st.stm32cube.ide.mcu.externaltools.gnu-tools-for-stm32.7-2018-q2-update.win32_1.5.0.202011040924/tools/bin/../lib/gcc/arm-none-eabi/7.3.1/thumb/v7e-m/fpv4-sp/hard/crtbegin.o

.ARM.extab      0x0000000008001d6c        0x0
                0x0000000008001d6c                . = ALIGN (0x4)
 *(.ARM.extab* .gnu.linkonce.armextab.*)
                0x0000000008001d6c                . = ALIGN (0x4)

.ARM            0x0000000008001d6c        0x0
                0x0000000008001d6c                . = ALIGN (0x4)
                0x0000000008001d6c                __exidx_start = .
 *(.ARM.exidx*)
                0x0000000008001d6c                __exidx_end = .
                0x0000000008001d6c                . = ALIGN (0x4)

.preinit_array  0x0000000008001d6c        0x0
                0x0000000008001d6c                . = ALIGN (0x4)
                0x0000000008001d6c                PROVIDE (__preinit_array_start = .)
 *(.preinit_array*)
                0x0000000008001d6c                PROVIDE (__preinit_array_end = .)
                0x0000000008001d6c                . = ALIGN (0x4)

.init_array     0x0000000008001d6c        0x4
                0x0000000008001d6c                . = ALIGN (0x4)
                0x0000000008001d6c                PROVIDE (__init_array_start = .)
 *(SORT_BY_NAME(.init_array.*))
 *(.init_array*)
 .init_array    0x0000000008001d6c        0x4 c:/st/stm32cubeide_1.5.1/stm32cubeide/plugins/com.st.stm32cube.ide.mcu.externaltools.gnu-tools-for-stm32.7-2018-q2-update.win32_1.5.0.202011040924/tools/bin/../lib/gcc/arm-none-eabi/7.3.1/thumb/v7e-m/fpv4-sp/hard/crtbegin.o
                0x0000000008001d70                PROVIDE (__init_array_end = .)
                0x0000000008001d70                . = ALIGN (0x4)

.fini_array     0x0000000008001d70        0x4
                0x0000000008001d70                . = ALIGN (0x4)
                [!provide]                        PROVIDE (__fini_array_start = .)
 *(SORT_BY_NAME(.fini_array.*))
 *(.fini_array*)
 .fini_array    0x0000000008001d70        0x4 c:/st/stm32cubeide_1.5.1/stm32cubeide/plugins/com.st.stm32cube.ide.mcu.externaltools.gnu-tools-for-stm32.7-2018-q2-update.win32_1.5.0.202011040924/tools/bin/../lib/gcc/arm-none-eabi/7.3.1/thumb/v7e-m/fpv4-sp/hard/crtbegin.o
                [!provide]                        PROVIDE (__fini_array_end = .)
                0x0000000008001d74                . = ALIGN (0x4)
                0x0000000008001d74                _sidata = LOADADDR (.data)

.data           0x0000000020000000       0x6c load address 0x0000000008001d74
                0x0000000020000000                . = ALIGN (0x4)
                0x0000000020000000                _sdata = .
 *(.data)
 *(.data*)
 .data.count    0x0000000020000000        0x1 Src/main.o
                0x0000000020000000                count
 *fill*         0x0000000020000001        0x3 
 .data.SystemCoreClock
                0x0000000020000004        0x4 Src/system_stm32f3xx.o
                0x0000000020000004                SystemCoreClock
 .data._impure_ptr
                0x0000000020000008        0x4 c:/st/stm32cubeide_1.5.1/stm32cubeide/plugins/com.st.stm32cube.ide.mcu.externaltools.gnu-tools-for-stm32.7-2018-q2-update.win32_1.5.0.202011040924/tools/bin/../lib/gcc/arm-none-eabi/7.3.1/../../../../arm-none-eabi/lib/thumb/v7e-m/fpv4-sp/hard\libc_nano.a(lib_a-impure.o)
                0x0000000020000008                _impure_ptr
 .data.impure_data
                0x000000002000000c       0x60 c:/st/stm32cubeide_1.5.1/stm32cubeide/plugins/com.st.stm32cube.ide.mcu.externaltools.gnu-tools-for-stm32.7-2018-q2-update.win32_1.5.0.202011040924/tools/bin/../lib/gcc/arm-none-eabi/7.3.1/../../../../arm-none-eabi/lib/thumb/v7e-m/fpv4-sp/hard\libc_nano.a(lib_a-impure.o)
                0x000000002000006c                . = ALIGN (0x4)
                0x000000002000006c                _edata = .

.igot.plt       0x000000002000006c        0x0 load address 0x0000000008001de0
 .igot.plt      0x000000002000006c        0x0 c:/st/stm32cubeide_1.5.1/stm32cubeide/plugins/com.st.stm32cube.ide.mcu.externaltools.gnu-tools-for-stm32.7-2018-q2-update.win32_1.5.0.202011040924/tools/bin/../lib/gcc/arm-none-eabi/7.3.1/thumb/v7e-m/fpv4-sp/hard/crtbegin.o
                0x000000002000006c                . = ALIGN (0x4)

.bss            0x000000002000006c      0x134 load address 0x0000000008001de0
                0x000000002000006c                _sbss = .
                0x000000002000006c                __bss_start__ = _sbss
 *(.bss)
 .bss           0x000000002000006c       0x1c c:/st/stm32cubeide_1.5.1/stm32cubeide/plugins/com.st.stm32cube.ide.mcu.externaltools.gnu-tools-for-stm32.7-2018-q2-update.win32_1.5.0.202011040924/tools/bin/../lib/gcc/arm-none-eabi/7.3.1/thumb/v7e-m/fpv4-sp/hard/crtbegin.o
 *(.bss*)
 .bss.heap_end.6424
                0x0000000020000088        0x4 Src/sysmem.o
 .bss.USART2_ProcessData
                0x000000002000008c        0x4 Src/usart.o
 .bss.old_pos.8588
                0x0000000020000090        0x2 Src/usart.o
 *fill*         0x0000000020000092        0x2 
 .bss.__malloc_free_list
                0x0000000020000094        0x4 c:/st/stm32cubeide_1.5.1/stm32cubeide/plugins/com.st.stm32cube.ide.mcu.externaltools.gnu-tools-for-stm32.7-2018-q2-update.win32_1.5.0.202011040924/tools/bin/../lib/gcc/arm-none-eabi/7.3.1/../../../../arm-none-eabi/lib/thumb/v7e-m/fpv4-sp/hard\libc_nano.a(lib_a-nano-mallocr.o)
                0x0000000020000094                __malloc_free_list
 .bss.__malloc_sbrk_start
                0x0000000020000098        0x4 c:/st/stm32cubeide_1.5.1/stm32cubeide/plugins/com.st.stm32cube.ide.mcu.externaltools.gnu-tools-for-stm32.7-2018-q2-update.win32_1.5.0.202011040924/tools/bin/../lib/gcc/arm-none-eabi/7.3.1/../../../../arm-none-eabi/lib/thumb/v7e-m/fpv4-sp/hard\libc_nano.a(lib_a-nano-mallocr.o)
                0x0000000020000098                __malloc_sbrk_start
 *(COMMON)
 COMMON         0x000000002000009c      0x100 Src/usart.o
                0x000000002000009c                bufferUSART2dma
 COMMON         0x000000002000019c        0x4 c:/st/stm32cubeide_1.5.1/stm32cubeide/plugins/com.st.stm32cube.ide.mcu.externaltools.gnu-tools-for-stm32.7-2018-q2-update.win32_1.5.0.202011040924/tools/bin/../lib/gcc/arm-none-eabi/7.3.1/../../../../arm-none-eabi/lib/thumb/v7e-m/fpv4-sp/hard\libc_nano.a(lib_a-reent.o)
                0x000000002000019c                errno
                0x00000000200001a0                . = ALIGN (0x4)
                0x00000000200001a0                _ebss = .
                0x00000000200001a0                __bss_end__ = _ebss

._user_heap_stack
                0x00000000200001a0      0x600 load address 0x0000000008001de0
                0x00000000200001a0                . = ALIGN (0x8)
                0x00000000200001a0                PROVIDE (end = .)
                [!provide]                        PROVIDE (_end = .)
                0x00000000200003a0                . = (. + _Min_Heap_Size)
 *fill*         0x00000000200001a0      0x200 
                0x00000000200007a0                . = (. + _Min_Stack_Size)
 *fill*         0x00000000200003a0      0x400 
                0x00000000200007a0                . = ALIGN (0x8)

/DISCARD/
 libc.a(*)
 libm.a(*)
 libgcc.a(*)

.ARM.attributes
                0x0000000000000000       0x30
 *(.ARM.attributes)
 .ARM.attributes
                0x0000000000000000       0x22 c:/st/stm32cubeide_1.5.1/stm32cubeide/plugins/com.st.stm32cube.ide.mcu.externaltools.gnu-tools-for-stm32.7-2018-q2-update.win32_1.5.0.202011040924/tools/bin/../lib/gcc/arm-none-eabi/7.3.1/thumb/v7e-m/fpv4-sp/hard/crti.o
 .ARM.attributes
                0x0000000000000022       0x34 c:/st/stm32cubeide_1.5.1/stm32cubeide/plugins/com.st.stm32cube.ide.mcu.externaltools.gnu-tools-for-stm32.7-2018-q2-update.win32_1.5.0.202011040924/tools/bin/../lib/gcc/arm-none-eabi/7.3.1/thumb/v7e-m/fpv4-sp/hard/crtbegin.o
 .ARM.attributes
                0x0000000000000056       0x39 Drivers/STM32F3xx_HAL_Driver/Src/stm32f3xx_ll_gpio.o
 .ARM.attributes
                0x000000000000008f       0x39 Drivers/STM32F3xx_HAL_Driver/Src/stm32f3xx_ll_rcc.o
 .ARM.attributes
                0x00000000000000c8       0x39 Drivers/STM32F3xx_HAL_Driver/Src/stm32f3xx_ll_usart.o
 .ARM.attributes
                0x0000000000000101       0x39 Drivers/STM32F3xx_HAL_Driver/Src/stm32f3xx_ll_utils.o
 .ARM.attributes
                0x000000000000013a       0x39 Src/dma.o
 .ARM.attributes
                0x0000000000000173       0x39 Src/gpio.o
 .ARM.attributes
                0x00000000000001ac       0x39 Src/main.o
 .ARM.attributes
                0x00000000000001e5       0x39 Src/stm32f3xx_it.o
 .ARM.attributes
                0x000000000000021e       0x39 Src/sysmem.o
 .ARM.attributes
                0x0000000000000257       0x39 Src/system_stm32f3xx.o
 .ARM.attributes
                0x0000000000000290       0x39 Src/usart.o
 .ARM.attributes
                0x00000000000002c9       0x21 Startup/startup_stm32f303k8tx.o
 .ARM.attributes
                0x00000000000002ea       0x34 c:/st/stm32cubeide_1.5.1/stm32cubeide/plugins/com.st.stm32cube.ide.mcu.externaltools.gnu-tools-for-stm32.7-2018-q2-update.win32_1.5.0.202011040924/tools/bin/../lib/gcc/arm-none-eabi/7.3.1/../../../../arm-none-eabi/lib/thumb/v7e-m/fpv4-sp/hard\libc_nano.a(lib_a-errno.o)
 .ARM.attributes
                0x000000000000031e       0x34 c:/st/stm32cubeide_1.5.1/stm32cubeide/plugins/com.st.stm32cube.ide.mcu.externaltools.gnu-tools-for-stm32.7-2018-q2-update.win32_1.5.0.202011040924/tools/bin/../lib/gcc/arm-none-eabi/7.3.1/../../../../arm-none-eabi/lib/thumb/v7e-m/fpv4-sp/hard\libc_nano.a(lib_a-impure.o)
 .ARM.attributes
                0x0000000000000352       0x34 c:/st/stm32cubeide_1.5.1/stm32cubeide/plugins/com.st.stm32cube.ide.mcu.externaltools.gnu-tools-for-stm32.7-2018-q2-update.win32_1.5.0.202011040924/tools/bin/../lib/gcc/arm-none-eabi/7.3.1/../../../../arm-none-eabi/lib/thumb/v7e-m/fpv4-sp/hard\libc_nano.a(lib_a-init.o)
 .ARM.attributes
                0x0000000000000386       0x34 c:/st/stm32cubeide_1.5.1/stm32cubeide/plugins/com.st.stm32cube.ide.mcu.externaltools.gnu-tools-for-stm32.7-2018-q2-update.win32_1.5.0.202011040924/tools/bin/../lib/gcc/arm-none-eabi/7.3.1/../../../../arm-none-eabi/lib/thumb/v7e-m/fpv4-sp/hard\libc_nano.a(lib_a-malloc.o)
 .ARM.attributes
                0x00000000000003ba       0x34 c:/st/stm32cubeide_1.5.1/stm32cubeide/plugins/com.st.stm32cube.ide.mcu.externaltools.gnu-tools-for-stm32.7-2018-q2-update.win32_1.5.0.202011040924/tools/bin/../lib/gcc/arm-none-eabi/7.3.1/../../../../arm-none-eabi/lib/thumb/v7e-m/fpv4-sp/hard\libc_nano.a(lib_a-nano-mallocr.o)
 .ARM.attributes
                0x00000000000003ee       0x34 c:/st/stm32cubeide_1.5.1/stm32cubeide/plugins/com.st.stm32cube.ide.mcu.externaltools.gnu-tools-for-stm32.7-2018-q2-update.win32_1.5.0.202011040924/tools/bin/../lib/gcc/arm-none-eabi/7.3.1/../../../../arm-none-eabi/lib/thumb/v7e-m/fpv4-sp/hard\libc_nano.a(lib_a-sbrkr.o)
 .ARM.attributes
                0x0000000000000422       0x1b c:/st/stm32cubeide_1.5.1/stm32cubeide/plugins/com.st.stm32cube.ide.mcu.externaltools.gnu-tools-for-stm32.7-2018-q2-update.win32_1.5.0.202011040924/tools/bin/../lib/gcc/arm-none-eabi/7.3.1/../../../../arm-none-eabi/lib/thumb/v7e-m/fpv4-sp/hard\libc_nano.a(lib_a-strlen.o)
 .ARM.attributes
                0x000000000000043d       0x34 c:/st/stm32cubeide_1.5.1/stm32cubeide/plugins/com.st.stm32cube.ide.mcu.externaltools.gnu-tools-for-stm32.7-2018-q2-update.win32_1.5.0.202011040924/tools/bin/../lib/gcc/arm-none-eabi/7.3.1/../../../../arm-none-eabi/lib/thumb/v7e-m/fpv4-sp/hard\libc_nano.a(lib_a-mlock.o)
 .ARM.attributes
                0x0000000000000471       0x34 c:/st/stm32cubeide_1.5.1/stm32cubeide/plugins/com.st.stm32cube.ide.mcu.externaltools.gnu-tools-for-stm32.7-2018-q2-update.win32_1.5.0.202011040924/tools/bin/../lib/gcc/arm-none-eabi/7.3.1/../../../../arm-none-eabi/lib/thumb/v7e-m/fpv4-sp/hard\libc_nano.a(lib_a-reent.o)
 .ARM.attributes
                0x00000000000004a5       0x22 c:/st/stm32cubeide_1.5.1/stm32cubeide/plugins/com.st.stm32cube.ide.mcu.externaltools.gnu-tools-for-stm32.7-2018-q2-update.win32_1.5.0.202011040924/tools/bin/../lib/gcc/arm-none-eabi/7.3.1/thumb/v7e-m/fpv4-sp/hard/crtn.o
OUTPUT(usart_DMA.elf elf32-littlearm)

.debug_info     0x0000000000000000     0x596d
 .debug_info    0x0000000000000000      0x7e2 Drivers/STM32F3xx_HAL_Driver/Src/stm32f3xx_ll_gpio.o
 .debug_info    0x00000000000007e2      0x704 Drivers/STM32F3xx_HAL_Driver/Src/stm32f3xx_ll_rcc.o
 .debug_info    0x0000000000000ee6      0x6be Drivers/STM32F3xx_HAL_Driver/Src/stm32f3xx_ll_usart.o
 .debug_info    0x00000000000015a4      0x818 Drivers/STM32F3xx_HAL_Driver/Src/stm32f3xx_ll_utils.o
 .debug_info    0x0000000000001dbc      0x6b1 Src/dma.o
 .debug_info    0x000000000000246d      0x395 Src/gpio.o
 .debug_info    0x0000000000002802      0xf3f Src/main.o
 .debug_info    0x0000000000003741      0x51f Src/stm32f3xx_it.o
 .debug_info    0x0000000000003c60      0x91c Src/sysmem.o
 .debug_info    0x000000000000457c      0x400 Src/system_stm32f3xx.o
 .debug_info    0x000000000000497c      0xfcf Src/usart.o
 .debug_info    0x000000000000594b       0x22 Startup/startup_stm32f303k8tx.o

.debug_abbrev   0x0000000000000000     0x1455
 .debug_abbrev  0x0000000000000000      0x212 Drivers/STM32F3xx_HAL_Driver/Src/stm32f3xx_ll_gpio.o
 .debug_abbrev  0x0000000000000212      0x238 Drivers/STM32F3xx_HAL_Driver/Src/stm32f3xx_ll_rcc.o
 .debug_abbrev  0x000000000000044a      0x1b1 Drivers/STM32F3xx_HAL_Driver/Src/stm32f3xx_ll_usart.o
 .debug_abbrev  0x00000000000005fb      0x266 Drivers/STM32F3xx_HAL_Driver/Src/stm32f3xx_ll_utils.o
 .debug_abbrev  0x0000000000000861      0x17e Src/dma.o
 .debug_abbrev  0x00000000000009df      0x15d Src/gpio.o
 .debug_abbrev  0x0000000000000b3c      0x297 Src/main.o
 .debug_abbrev  0x0000000000000dd3      0x176 Src/stm32f3xx_it.o
 .debug_abbrev  0x0000000000000f49      0x1bb Src/sysmem.o
 .debug_abbrev  0x0000000000001104      0x111 Src/system_stm32f3xx.o
 .debug_abbrev  0x0000000000001215      0x22e Src/usart.o
 .debug_abbrev  0x0000000000001443       0x12 Startup/startup_stm32f303k8tx.o

.debug_aranges  0x0000000000000000      0x638
 .debug_aranges
                0x0000000000000000       0x70 Drivers/STM32F3xx_HAL_Driver/Src/stm32f3xx_ll_gpio.o
 .debug_aranges
                0x0000000000000070      0x100 Drivers/STM32F3xx_HAL_Driver/Src/stm32f3xx_ll_rcc.o
 .debug_aranges
                0x0000000000000170       0x88 Drivers/STM32F3xx_HAL_Driver/Src/stm32f3xx_ll_usart.o
 .debug_aranges
                0x00000000000001f8       0xf0 Drivers/STM32F3xx_HAL_Driver/Src/stm32f3xx_ll_utils.o
 .debug_aranges
                0x00000000000002e8       0x38 Src/dma.o
 .debug_aranges
                0x0000000000000320       0x30 Src/gpio.o
 .debug_aranges
                0x0000000000000350       0xa8 Src/main.o
 .debug_aranges
                0x00000000000003f8       0xc8 Src/stm32f3xx_it.o
 .debug_aranges
                0x00000000000004c0       0x20 Src/sysmem.o
 .debug_aranges
                0x00000000000004e0       0x28 Src/system_stm32f3xx.o
 .debug_aranges
                0x0000000000000508      0x108 Src/usart.o
 .debug_aranges
                0x0000000000000610       0x28 Startup/startup_stm32f303k8tx.o

.debug_ranges   0x0000000000000000      0x580
 .debug_ranges  0x0000000000000000       0x60 Drivers/STM32F3xx_HAL_Driver/Src/stm32f3xx_ll_gpio.o
 .debug_ranges  0x0000000000000060       0xf0 Drivers/STM32F3xx_HAL_Driver/Src/stm32f3xx_ll_rcc.o
 .debug_ranges  0x0000000000000150       0x78 Drivers/STM32F3xx_HAL_Driver/Src/stm32f3xx_ll_usart.o
 .debug_ranges  0x00000000000001c8       0xe0 Drivers/STM32F3xx_HAL_Driver/Src/stm32f3xx_ll_utils.o
 .debug_ranges  0x00000000000002a8       0x28 Src/dma.o
 .debug_ranges  0x00000000000002d0       0x20 Src/gpio.o
 .debug_ranges  0x00000000000002f0       0x98 Src/main.o
 .debug_ranges  0x0000000000000388       0xb8 Src/stm32f3xx_it.o
 .debug_ranges  0x0000000000000440       0x10 Src/sysmem.o
 .debug_ranges  0x0000000000000450       0x18 Src/system_stm32f3xx.o
 .debug_ranges  0x0000000000000468       0xf8 Src/usart.o
 .debug_ranges  0x0000000000000560       0x20 Startup/startup_stm32f303k8tx.o

.debug_macro    0x0000000000000000     0x3050
 .debug_macro   0x0000000000000000      0x10c Drivers/STM32F3xx_HAL_Driver/Src/stm32f3xx_ll_gpio.o
 .debug_macro   0x000000000000010c      0x149 Drivers/STM32F3xx_HAL_Driver/Src/stm32f3xx_ll_gpio.o
 .debug_macro   0x0000000000000255       0xff Drivers/STM32F3xx_HAL_Driver/Src/stm32f3xx_ll_rcc.o
 .debug_macro   0x0000000000000354      0x4b5 Drivers/STM32F3xx_HAL_Driver/Src/stm32f3xx_ll_rcc.o
 .debug_macro   0x0000000000000809      0x13f Drivers/STM32F3xx_HAL_Driver/Src/stm32f3xx_ll_usart.o
 .debug_macro   0x0000000000000948      0x2f1 Drivers/STM32F3xx_HAL_Driver/Src/stm32f3xx_ll_usart.o
 .debug_macro   0x0000000000000c39      0x4bb Drivers/STM32F3xx_HAL_Driver/Src/stm32f3xx_ll_usart.o
 .debug_macro   0x00000000000010f4      0x14a Drivers/STM32F3xx_HAL_Driver/Src/stm32f3xx_ll_utils.o
 .debug_macro   0x000000000000123e       0x30 Drivers/STM32F3xx_HAL_Driver/Src/stm32f3xx_ll_utils.o
 .debug_macro   0x000000000000126e      0x2a5 Drivers/STM32F3xx_HAL_Driver/Src/stm32f3xx_ll_utils.o
 .debug_macro   0x0000000000001513       0xaf Drivers/STM32F3xx_HAL_Driver/Src/stm32f3xx_ll_utils.o
 .debug_macro   0x00000000000015c2      0x143 Src/dma.o
 .debug_macro   0x0000000000001705      0x102 Src/dma.o
 .debug_macro   0x0000000000001807       0x28 Src/dma.o
 .debug_macro   0x000000000000182f      0x2f7 Src/dma.o
 .debug_macro   0x0000000000001b26      0x14f Src/dma.o
 .debug_macro   0x0000000000001c75       0x22 Src/dma.o
 .debug_macro   0x0000000000001c97      0x143 Src/gpio.o
 .debug_macro   0x0000000000001dda      0x254 Src/main.o
 .debug_macro   0x000000000000202e       0x10 Src/main.o
 .debug_macro   0x000000000000203e       0x46 Src/main.o
 .debug_macro   0x0000000000002084       0x18 Src/main.o
 .debug_macro   0x000000000000209c       0x3c Src/main.o
 .debug_macro   0x00000000000020d8       0x34 Src/main.o
 .debug_macro   0x000000000000210c      0x174 Src/main.o
 .debug_macro   0x0000000000002280       0x52 Src/main.o
 .debug_macro   0x00000000000022d2       0x1f Src/main.o
 .debug_macro   0x00000000000022f1       0x43 Src/main.o
 .debug_macro   0x0000000000002334       0x20 Src/main.o
 .debug_macro   0x0000000000002354      0x1a3 Src/main.o
 .debug_macro   0x00000000000024f7      0x330 Src/main.o
 .debug_macro   0x0000000000002827       0x10 Src/main.o
 .debug_macro   0x0000000000002837       0x35 Src/main.o
 .debug_macro   0x000000000000286c       0x20 Src/main.o
 .debug_macro   0x000000000000288c       0x16 Src/main.o
 .debug_macro   0x00000000000028a2       0x16 Src/main.o
 .debug_macro   0x00000000000028b8       0x29 Src/main.o
 .debug_macro   0x00000000000028e1      0x157 Src/stm32f3xx_it.o
 .debug_macro   0x0000000000002a38      0x1ae Src/sysmem.o
 .debug_macro   0x0000000000002be6      0x23b Src/sysmem.o
 .debug_macro   0x0000000000002e21       0x16 Src/sysmem.o
 .debug_macro   0x0000000000002e37       0xd0 Src/system_stm32f3xx.o
 .debug_macro   0x0000000000002f07      0x149 Src/usart.o

.debug_line     0x0000000000000000     0x491b
 .debug_line    0x0000000000000000      0x670 Drivers/STM32F3xx_HAL_Driver/Src/stm32f3xx_ll_gpio.o
 .debug_line    0x0000000000000670      0x74b Drivers/STM32F3xx_HAL_Driver/Src/stm32f3xx_ll_rcc.o
 .debug_line    0x0000000000000dbb      0x621 Drivers/STM32F3xx_HAL_Driver/Src/stm32f3xx_ll_usart.o
 .debug_line    0x00000000000013dc      0x764 Drivers/STM32F3xx_HAL_Driver/Src/stm32f3xx_ll_utils.o
 .debug_line    0x0000000000001b40      0x5b3 Src/dma.o
 .debug_line    0x00000000000020f3      0x5a5 Src/gpio.o
 .debug_line    0x0000000000002698      0x8c9 Src/main.o
 .debug_line    0x0000000000002f61      0x740 Src/stm32f3xx_it.o
 .debug_line    0x00000000000036a1      0x559 Src/sysmem.o
 .debug_line    0x0000000000003bfa      0x48a Src/system_stm32f3xx.o
 .debug_line    0x0000000000004084      0x816 Src/usart.o
 .debug_line    0x000000000000489a       0x81 Startup/startup_stm32f303k8tx.o

.debug_str      0x0000000000000000    0x722a1
 .debug_str     0x0000000000000000    0x646b8 Drivers/STM32F3xx_HAL_Driver/Src/stm32f3xx_ll_gpio.o
                                      0x64869 (size before relaxing)
 .debug_str     0x00000000000646b8     0x27f1 Drivers/STM32F3xx_HAL_Driver/Src/stm32f3xx_ll_rcc.o
                                      0x65c93 (size before relaxing)
 .debug_str     0x0000000000066ea9     0x1a39 Drivers/STM32F3xx_HAL_Driver/Src/stm32f3xx_ll_usart.o
                                      0x677a7 (size before relaxing)
 .debug_str     0x00000000000688e2     0x2d33 Drivers/STM32F3xx_HAL_Driver/Src/stm32f3xx_ll_utils.o
                                      0x68503 (size before relaxing)
 .debug_str     0x000000000006b615     0x1c25 Src/dma.o
                                      0x6b17c (size before relaxing)
 .debug_str     0x000000000006d23a       0x3c Src/gpio.o
                                      0x6ae4c (size before relaxing)
 .debug_str     0x000000000006d276     0x33ca Src/main.o
                                      0x6e3de (size before relaxing)
 .debug_str     0x0000000000070640      0x225 Src/stm32f3xx_it.o
                                      0x6afa6 (size before relaxing)
 .debug_str     0x0000000000070865     0x167d Src/sysmem.o
                                       0x7be5 (size before relaxing)
 .debug_str     0x0000000000071ee2       0x64 Src/system_stm32f3xx.o
                                      0x6350f (size before relaxing)
 .debug_str     0x0000000000071f46      0x32a Src/usart.o
                                      0x6b668 (size before relaxing)
 .debug_str     0x0000000000072270       0x31 Startup/startup_stm32f303k8tx.o
                                         0xa6 (size before relaxing)

.comment        0x0000000000000000       0x7b
 .comment       0x0000000000000000       0x7b Drivers/STM32F3xx_HAL_Driver/Src/stm32f3xx_ll_gpio.o
                                         0x7c (size before relaxing)
 .comment       0x000000000000007b       0x7c Drivers/STM32F3xx_HAL_Driver/Src/stm32f3xx_ll_rcc.o
 .comment       0x000000000000007b       0x7c Drivers/STM32F3xx_HAL_Driver/Src/stm32f3xx_ll_usart.o
 .comment       0x000000000000007b       0x7c Drivers/STM32F3xx_HAL_Driver/Src/stm32f3xx_ll_utils.o
 .comment       0x000000000000007b       0x7c Src/dma.o
 .comment       0x000000000000007b       0x7c Src/gpio.o
 .comment       0x000000000000007b       0x7c Src/main.o
 .comment       0x000000000000007b       0x7c Src/stm32f3xx_it.o
 .comment       0x000000000000007b       0x7c Src/sysmem.o
 .comment       0x000000000000007b       0x7c Src/system_stm32f3xx.o
 .comment       0x000000000000007b       0x7c Src/usart.o

.debug_frame    0x0000000000000000     0x1944
 .debug_frame   0x0000000000000000      0x1c0 Drivers/STM32F3xx_HAL_Driver/Src/stm32f3xx_ll_gpio.o
 .debug_frame   0x00000000000001c0      0x408 Drivers/STM32F3xx_HAL_Driver/Src/stm32f3xx_ll_rcc.o
 .debug_frame   0x00000000000005c8      0x238 Drivers/STM32F3xx_HAL_Driver/Src/stm32f3xx_ll_usart.o
 .debug_frame   0x0000000000000800      0x3dc Drivers/STM32F3xx_HAL_Driver/Src/stm32f3xx_ll_utils.o
 .debug_frame   0x0000000000000bdc       0xa4 Src/dma.o
 .debug_frame   0x0000000000000c80       0x84 Src/gpio.o
 .debug_frame   0x0000000000000d04      0x2a4 Src/main.o
 .debug_frame   0x0000000000000fa8      0x2f4 Src/stm32f3xx_it.o
 .debug_frame   0x000000000000129c       0x34 Src/sysmem.o
 .debug_frame   0x00000000000012d0       0x58 Src/system_stm32f3xx.o
 .debug_frame   0x0000000000001328      0x4bc Src/usart.o
 .debug_frame   0x00000000000017e4       0x20 c:/st/stm32cubeide_1.5.1/stm32cubeide/plugins/com.st.stm32cube.ide.mcu.externaltools.gnu-tools-for-stm32.7-2018-q2-update.win32_1.5.0.202011040924/tools/bin/../lib/gcc/arm-none-eabi/7.3.1/../../../../arm-none-eabi/lib/thumb/v7e-m/fpv4-sp/hard\libc_nano.a(lib_a-errno.o)
 .debug_frame   0x0000000000001804       0x2c c:/st/stm32cubeide_1.5.1/stm32cubeide/plugins/com.st.stm32cube.ide.mcu.externaltools.gnu-tools-for-stm32.7-2018-q2-update.win32_1.5.0.202011040924/tools/bin/../lib/gcc/arm-none-eabi/7.3.1/../../../../arm-none-eabi/lib/thumb/v7e-m/fpv4-sp/hard\libc_nano.a(lib_a-init.o)
 .debug_frame   0x0000000000001830       0x30 c:/st/stm32cubeide_1.5.1/stm32cubeide/plugins/com.st.stm32cube.ide.mcu.externaltools.gnu-tools-for-stm32.7-2018-q2-update.win32_1.5.0.202011040924/tools/bin/../lib/gcc/arm-none-eabi/7.3.1/../../../../arm-none-eabi/lib/thumb/v7e-m/fpv4-sp/hard\libc_nano.a(lib_a-malloc.o)
 .debug_frame   0x0000000000001860       0x2c c:/st/stm32cubeide_1.5.1/stm32cubeide/plugins/com.st.stm32cube.ide.mcu.externaltools.gnu-tools-for-stm32.7-2018-q2-update.win32_1.5.0.202011040924/tools/bin/../lib/gcc/arm-none-eabi/7.3.1/../../../../arm-none-eabi/lib/thumb/v7e-m/fpv4-sp/hard\libc_nano.a(lib_a-nano-mallocr.o)
 .debug_frame   0x000000000000188c       0x2c c:/st/stm32cubeide_1.5.1/stm32cubeide/plugins/com.st.stm32cube.ide.mcu.externaltools.gnu-tools-for-stm32.7-2018-q2-update.win32_1.5.0.202011040924/tools/bin/../lib/gcc/arm-none-eabi/7.3.1/../../../../arm-none-eabi/lib/thumb/v7e-m/fpv4-sp/hard\libc_nano.a(lib_a-sbrkr.o)
 .debug_frame   0x00000000000018b8       0x30 c:/st/stm32cubeide_1.5.1/stm32cubeide/plugins/com.st.stm32cube.ide.mcu.externaltools.gnu-tools-for-stm32.7-2018-q2-update.win32_1.5.0.202011040924/tools/bin/../lib/gcc/arm-none-eabi/7.3.1/../../../../arm-none-eabi/lib/thumb/v7e-m/fpv4-sp/hard\libc_nano.a(lib_a-mlock.o)
 .debug_frame   0x00000000000018e8       0x5c c:/st/stm32cubeide_1.5.1/stm32cubeide/plugins/com.st.stm32cube.ide.mcu.externaltools.gnu-tools-for-stm32.7-2018-q2-update.win32_1.5.0.202011040924/tools/bin/../lib/gcc/arm-none-eabi/7.3.1/../../../../arm-none-eabi/lib/thumb/v7e-m/fpv4-sp/hard\libc_nano.a(lib_a-reent.o)
